666
NOT ALLOWED
Orignal string
INT: 1 - A
2: 7fefffffffffffff - 1234567890abcdef
