666
NOT ALLOWED
Orignal string
T1P
T3P
T3F
T1P
T1F
