Inserted string: 9
HANDLE NORMAL -> 3.14159
666
NOT ALLOWED
Orignal string
