java.io.IOException: println disallowed
   at trishul.test.trishul_p.TestGeneric.main (TestGeneric.java:65)
