666
NOT ALLOWED
Orignal string
ABSTRACT: 1 : A
DONE
