666
NOT ALLOWED
Orignal string
ABSTRACT1: 1 : A
ABSTRACT2: 2 : B
DONE
