666
NOT ALLOWED
Orignal string
ABSTRACT: 1 : A
ABSTRACT: 2 : B
DONE
